// Jest Snapshot v1, https://goo.gl/fbAQLP

exports[`component/SuggestionItem/index.js renders without crashing (no props) 1`] = `ShallowWrapper {}`;

exports[`component/SuggestionItem/index.js renders without crashing (with props) 1`] = `ShallowWrapper {}`;
