// Jest Snapshot v1, https://goo.gl/fbAQLP

exports[`App.js renders without crashing 1`] = `ShallowWrapper {}`;
